Archive member included to satisfy reference by file (symbol)

C:/Program Files/SEGGER/SEGGER Embedded Studio for ARM 4.52c/lib/libc_v7em_t_le_eabi.a(libc2_asm.o)
                              Output/gpio Debug/Obj/nrf_memobj.o (memcpy)
C:/Program Files/SEGGER/SEGGER Embedded Studio for ARM 4.52c/lib/libdebugio_v7em_t_le_eabi.a(libdebugio.o)
                              Output/gpio Debug/Obj/thumb_crt0.o (debug_fopen)
C:/Program Files/SEGGER/SEGGER Embedded Studio for ARM 4.52c/lib/libdebugio_mempoll_v7em_t_le_eabi.a(mempoll_debug_operations.o)
                              C:/Program Files/SEGGER/SEGGER Embedded Studio for ARM 4.52c/lib/libdebugio_v7em_t_le_eabi.a(libdebugio.o) (__do_debug_operation)
C:/Program Files/SEGGER/SEGGER Embedded Studio for ARM 4.52c/lib/libdebugio_mempoll_v7em_t_le_eabi.a(do_nv_debug_operation.o)
                              C:/Program Files/SEGGER/SEGGER Embedded Studio for ARM 4.52c/lib/libdebugio_v7em_t_le_eabi.a(libdebugio.o) (__do_nvdebug_operation)
C:/Program Files/SEGGER/SEGGER Embedded Studio for ARM 4.52c/lib/libm_v7em_t_le_eabi.a(libm_asm.o)
                              C:/Program Files/SEGGER/SEGGER Embedded Studio for ARM 4.52c/lib/libvfprintf_v7em_t_le_eabi.o (__aeabi_fadd)
C:/Program Files/SEGGER/SEGGER Embedded Studio for ARM 4.52c/lib/libm_v7em_t_le_eabi.a(libm2.o)
                              C:/Program Files/SEGGER/SEGGER Embedded Studio for ARM 4.52c/lib/libvfprintf_v7em_t_le_eabi.o (frexp)
C:/Program Files/SEGGER/SEGGER Embedded Studio for ARM 4.52c/lib/libc_v7em_t_le_eabi.a(libc_asm.o)
                              C:/Program Files/SEGGER/SEGGER Embedded Studio for ARM 4.52c/lib/libvfprintf_v7em_t_le_eabi.o (__aeabi_uldivmod)
C:/Program Files/SEGGER/SEGGER Embedded Studio for ARM 4.52c/lib/libc_v7em_t_le_eabi.a(libc2.o)
                              C:/Program Files/SEGGER/SEGGER Embedded Studio for ARM 4.52c/lib/libvfscanf_v7em_t_le_eabi.o (__getc)
C:/Program Files/SEGGER/SEGGER Embedded Studio for ARM 4.52c/lib/libc_v7em_t_le_eabi.a(libc.o)
                              C:/Program Files/SEGGER/SEGGER Embedded Studio for ARM 4.52c/lib/libc_v7em_t_le_eabi.a(libc2.o) (__heap_lock)

Discarded input sections

 .text          0x0000000000000000        0x0 Output/gpio Debug/Obj/thumb_crt0.o
 .data          0x0000000000000000        0x0 Output/gpio Debug/Obj/thumb_crt0.o
 .bss           0x0000000000000000        0x0 Output/gpio Debug/Obj/thumb_crt0.o
 .text.__aeabi_read_tp
                0x0000000000000000        0x8 Output/gpio Debug/Obj/thumb_crt0.o
 .text.abort    0x0000000000000000        0x2 Output/gpio Debug/Obj/thumb_crt0.o
 .text.__assert
                0x0000000000000000        0x2 Output/gpio Debug/Obj/thumb_crt0.o
 .text.__assert_func
                0x0000000000000000        0x2 Output/gpio Debug/Obj/thumb_crt0.o
 .text.__aeabi_assert
                0x0000000000000000        0x2 Output/gpio Debug/Obj/thumb_crt0.o
 .text.__sync_synchronize
                0x0000000000000000        0x2 Output/gpio Debug/Obj/thumb_crt0.o
 .text.__getchar
                0x0000000000000000        0x4 Output/gpio Debug/Obj/thumb_crt0.o
 .text.__putchar
                0x0000000000000000        0x4 Output/gpio Debug/Obj/thumb_crt0.o
 .text.__open   0x0000000000000000        0x4 Output/gpio Debug/Obj/thumb_crt0.o
 .text.__close  0x0000000000000000        0x4 Output/gpio Debug/Obj/thumb_crt0.o
 .text.__write  0x0000000000000000        0xa Output/gpio Debug/Obj/thumb_crt0.o
 .text.__read   0x0000000000000000        0xa Output/gpio Debug/Obj/thumb_crt0.o
 .text.__seek   0x0000000000000000       0x1a Output/gpio Debug/Obj/thumb_crt0.o
 .bss.__user_locale_name_buffer
                0x0000000000000000        0x4 Output/gpio Debug/Obj/thumb_crt0.o
 .stack         0x0000000000000000        0x0 Output/gpio Debug/Obj/thumb_crt0.o
 .stack_process
                0x0000000000000000        0x0 Output/gpio Debug/Obj/thumb_crt0.o
 .heap          0x0000000000000000        0x0 Output/gpio Debug/Obj/thumb_crt0.o
 .group         0x0000000000000000        0xc Output/gpio Debug/Obj/nrf_log_frontend.o
 .group         0x0000000000000000        0xc Output/gpio Debug/Obj/nrf_log_frontend.o
 .group         0x0000000000000000        0xc Output/gpio Debug/Obj/nrf_log_frontend.o
 .group         0x0000000000000000        0xc Output/gpio Debug/Obj/nrf_log_frontend.o
 .group         0x0000000000000000        0xc Output/gpio Debug/Obj/nrf_log_frontend.o
 .group         0x0000000000000000        0xc Output/gpio Debug/Obj/nrf_log_frontend.o
 .group         0x0000000000000000        0xc Output/gpio Debug/Obj/nrf_log_frontend.o
 .group         0x0000000000000000        0xc Output/gpio Debug/Obj/nrf_log_frontend.o
 .group         0x0000000000000000        0xc Output/gpio Debug/Obj/nrf_log_frontend.o
 .group         0x0000000000000000        0xc Output/gpio Debug/Obj/nrf_log_frontend.o
 .group         0x0000000000000000        0xc Output/gpio Debug/Obj/nrf_log_frontend.o
[...]
Memory Configuration

Name             Origin             Length             Attributes
UNPLACED_SECTIONS 0x0000000100000000 0x0000000000000000 xw
RAM              0x0000000020000000 0x0000000000008000 xw
FLASH            0x0000000000000000 0x0000000000040000 xw
*default*        0x0000000000000000 0xffffffffffffffff

Linker script and memory map

                0x0000000000000000                __vfprintf = __vfprintf_long
                0x0000000000000000                __vfscanf = __vfscanf_long
                0x0000000020000000                __RAM_segment_start__ = 0x20000000
                0x0000000020008000                __RAM_segment_end__ = 0x20008000
                0x0000000000008000                __RAM_segment_size__ = 0x8000
                0x0000000000000000                __FLASH_segment_start__ = 0x0
                0x0000000000040000                __FLASH_segment_end__ = 0x40000
                0x0000000000040000                __FLASH_segment_size__ = 0x40000
                0x0000000000001000                __HEAPSIZE__ = 0x1000
                0x0000000000000000                __STACKSIZE_PROCESS__ = 0x0
                0x0000000000001000                __STACKSIZE__ = 0x1000
                0x0000000020000000                __vectors_ram_load_start__ = 0x20000000

.vectors_ram    0x0000000020000000        0x0
                0x0000000020000000                __vectors_ram_start__ = .
                0x0000000020000000                __app_ram_start__ = __vectors_ram_start__
 *(.vectors_ram .vectors_ram.*)
                0x0000000020000000                __vectors_ram_end__ = (__vectors_ram_start__ + SIZEOF (.vectors_ram))
                0x0000000000000000                __vectors_ram_size__ = SIZEOF (.vectors_ram)
                0x0000000020000000                __vectors_ram_load_end__ = __vectors_ram_end__
                0x0000000000000001                . = ASSERT (((__vectors_ram_start__ == __vectors_ram_end__) || ((__vectors_ram_end__ - __RAM_segment_start__) <= __RAM_segment_size__)), error: .vectors_ram is too large to fit in RAM memory segment)
                0x0000000020000000                __nrf_sections_run_load_start__ = ALIGN (__vectors_ram_end__, 0x4)

.nrf_sections_run
                0x0000000020000000        0x0
                0x0000000020000000                __nrf_sections_run_start__ = .
                0x0000000020000000                __start_nrf_sections_run = __nrf_sections_run_start__
 *(.nrf_sections_run .nrf_sections_run.*)
                0x0000000020000000                __nrf_sections_run_end__ = (__nrf_sections_run_start__ + SIZEOF (.nrf_sections_run))
                0x0000000000000000                __nrf_sections_run_size__ = SIZEOF (.nrf_sections_run)
                0x0000000020000000                __nrf_sections_run_load_end__ = __nrf_sections_run_end__
                0x0000000000000001                . = ASSERT (((__nrf_sections_run_start__ == __nrf_sections_run_end__) || ((__nrf_sections_run_end__ - __RAM_segment_start__) <= __RAM_segment_size__)), error: .nrf_sections_run is too large to fit in RAM memory segment)
                0x0000000000000000                __vectors_load_start__ = 0x0

.vectors        0x0000000000000000      0x200
                0x0000000000000000                __vectors_start__ = .
 *(.vectors .vectors.*)
 .vectors       0x0000000000000000      0x200 Output/gpio Debug/Obj/ses_startup_nrf52820.o
                0x0000000000000000                _vectors
                0x0000000000000200                __vectors_end__ = (__vectors_start__ + SIZEOF (.vectors))
                0x0000000000000200                __vectors_size__ = SIZEOF (.vectors)
                0x0000000000000200                __vectors_load_end__ = __vectors_end__
                0x0000000000000001                . = ASSERT (((__vectors_start__ == __vectors_end__) || ((__vectors_end__ - __FLASH_segment_start__) <= __FLASH_segment_size__)), error: .vectors is too large to fit in FLASH memory segment)
                0x0000000000000200                __init_load_start__ = ALIGN (__vectors_end__, 0x4)

.init           0x0000000000000200      0x1bc
                0x0000000000000200                __init_start__ = .
 *(.init .init.*)
 .init          0x0000000000000200      0x15c Output/gpio Debug/Obj/thumb_crt0.o
                0x0000000000000200                _start
                0x00000000000002b4                exit
 .init          0x000000000000035c       0x18 Output/gpio Debug/Obj/ses_startup_nrf52820.o
                0x000000000000035c                NMI_Handler
                0x000000000000035e                HardFault_Handler
                0x0000000000000360                MemoryManagement_Handler
                0x0000000000000362                BusFault_Handler
                0x0000000000000364                UsageFault_Handler
                0x0000000000000366                SVC_Handler
                0x0000000000000368                DebugMon_Handler
                0x000000000000036a                PendSV_Handler
                0x000000000000036c                SysTick_Handler
                0x000000000000036e                SWI0_EGU0_IRQHandler
                0x000000000000036e                POWER_CLOCK_IRQHandler
                0x000000000000036e                RADIO_IRQHandler
                0x000000000000036e                TEMP_IRQHandler
                0x000000000000036e                QDEC_IRQHandler
                0x000000000000036e                RTC0_IRQHandler
                0x000000000000036e                USBD_IRQHandler
                0x000000000000036e                SPIM0_SPIS0_TWIM0_TWIS0_SPI0_TWI0_IRQHandler
                0x000000000000036e                SWI2_EGU2_IRQHandler
                0x000000000000036e                UARTE0_UART0_IRQHandler
                0x000000000000036e                SWI4_EGU4_IRQHandler
                0x000000000000036e                TIMER0_IRQHandler
                0x000000000000036e                Dummy_Handler
                0x000000000000036e                TIMER1_IRQHandler
                0x000000000000036e                ECB_IRQHandler
                0x000000000000036e                SPIM1_SPIS1_TWIM1_TWIS1_SPI1_TWI1_IRQHandler
                0x000000000000036e                CCM_AAR_IRQHandler
                0x000000000000036e                WDT_IRQHandler
                0x000000000000036e                TIMER3_IRQHandler
                0x000000000000036e                SWI5_EGU5_IRQHandler
                0x000000000000036e                RNG_IRQHandler
                0x000000000000036e                COMP_IRQHandler
                0x000000000000036e                SWI3_EGU3_IRQHandler
                0x000000000000036e                RTC1_IRQHandler
                0x000000000000036e                SWI1_EGU1_IRQHandler
                0x000000000000036e                TIMER2_IRQHandler
                0x0000000000000370                nRFInitialize
 .init          0x0000000000000374       0x48 Output/gpio Debug/Obj/ses_startup_nrf_common.o
                0x0000000000000374                Reset_Handler
                0x0000000000000378                afterInitialize
                0x000000000000038a                InitializeUserMemorySections
                0x00000000000003bc                __init_end__ = (__init_start__ + SIZEOF (.init))
                0x00000000000001bc                __init_size__ = SIZEOF (.init)
                0x00000000000003bc                __init_load_end__ = __init_end__
                0x0000000000000001                . = ASSERT (((__init_start__ == __init_end__) || ((__init_end__ - __FLASH_segment_start__) <= __FLASH_segment_size__)), error: .init is too large to fit in FLASH memory segment)
                0x00000000000003bc                __init_rodata_load_start__ = ALIGN (__init_end__, 0x4)

.init_rodata    0x00000000000003bc        0x0
                0x00000000000003bc                __init_rodata_start__ = .
 *(.init_rodata .init_rodata.*)
                0x00000000000003bc                __init_rodata_end__ = (__init_rodata_start__ + SIZEOF (.init_rodata))
                0x0000000000000000                __init_rodata_size__ = SIZEOF (.init_rodata)
                0x00000000000003bc                __init_rodata_load_end__ = __init_rodata_end__
                0x0000000000000001                . = ASSERT (((__init_rodata_start__ == __init_rodata_end__) || ((__init_rodata_end__ - __FLASH_segment_start__) <= __FLASH_segment_size__)), error: .init_rodata is too large to fit in FLASH memory segment)
                0x00000000000003bc                __text_load_start__ = ALIGN (__init_rodata_end__, 0x4)

.text           0x00000000000003bc     0x1ac2
                0x00000000000003bc                __text_start__ = .
 *(.text .text.* .glue_7t .glue_7 .gnu.linkonce.t.* .gcc_except_table .ARM.extab* .gnu.linkonce.armextab.*)
 .glue_7        0x00000000000003bc        0x0 linker stubs
 .glue_7t       0x00000000000003bc        0x0 linker stubs
 .text.nrf52_errata_230
                0x00000000000003bc       0x3c Output/gpio Debug/Obj/boards.o
 .text.nrf_gpio_pin_port_decode
                0x00000000000003f8       0x30 Output/gpio Debug/Obj/boards.o
 .text.nrf_gpio_cfg
                0x0000000000000428       0x62 Output/gpio Debug/Obj/boards.o
 .text.nrf_gpio_cfg_output
                0x000000000000048a       0x22 Output/gpio Debug/Obj/boards.o
 .text.nrf_gpio_cfg_input
                0x00000000000004ac       0x2a Output/gpio Debug/Obj/boards.o
 .text.nrf_gpio_pin_set
                0x00000000000004d6       0x28 Output/gpio Debug/Obj/boards.o
 .text.nrf_gpio_pin_clear
                0x00000000000004fe       0x28 Output/gpio Debug/Obj/boards.o
 .text.nrf_gpio_pin_write
                0x0000000000000526       0x24 Output/gpio Debug/Obj/boards.o
 .text.nrf_gpio_port_out_set
                0x000000000000054a       0x14 Output/gpio Debug/Obj/boards.o
 .text.nrf_gpio_port_out_clear
                0x000000000000055e       0x14 Output/gpio Debug/Obj/boards.o
 *fill*         0x0000000000000572        0x2 
 .text.nrf_gpio_pin_present_check
                0x0000000000000574       0x64 Output/gpio Debug/Obj/boards.o
 .text.bsp_board_led_off
                0x00000000000005d8       0x34 Output/gpio Debug/Obj/boards.o
                0x00000000000005d8                bsp_board_led_off
 .text.bsp_board_leds_off
                0x000000000000060c       0x26 Output/gpio Debug/Obj/boards.o
                0x000000000000060c                bsp_board_leds_off
 *fill*         0x0000000000000632        0x2 
 .text.bsp_board_leds_init
                0x0000000000000634       0x34 Output/gpio Debug/Obj/boards.o
 .text.bsp_board_buttons_init
                0x0000000000000668       0x34 Output/gpio Debug/Obj/boards.o
 .text.bsp_board_init
                0x000000000000069c       0x2a Output/gpio Debug/Obj/boards.o
                0x000000000000069c                bsp_board_init
 *fill*         0x00000000000006c6        0x2 
 .text.app_error_save_and_stop
                0x00000000000006c8       0x98 Output/gpio Debug/Obj/app_error.o
                0x00000000000006c8                app_error_save_and_stop
 .text.app_error_handler
                0x0000000000000760       0x1c Output/gpio Debug/Obj/app_error_handler_gcc.o
                0x0000000000000760                app_error_handler
 .text.app_error_fault_handler
                0x000000000000077c       0x54 Output/gpio Debug/Obj/app_error_weak.o
                0x000000000000077c                app_error_fault_handler
 .text.assert_nrf_callback
                0x00000000000007d0       0x2c Output/gpio Debug/Obj/nrf_assert.o
                0x00000000000007d0                assert_nrf_callback
 .text.__NVIC_EnableIRQ
                0x00000000000007fc       0x34 Output/gpio Debug/Obj/nrfx_gpiote.o
 .text.__NVIC_SetPriority
                0x0000000000000830       0x50 Output/gpio Debug/Obj/nrfx_gpiote.o
 .text.nrfx_get_irq_number
                0x0000000000000880       0x10 Output/gpio Debug/Obj/nrfx_gpiote.o
 .text._NRFX_IRQ_PRIORITY_SET
                0x0000000000000890       0x40 Output/gpio Debug/Obj/nrfx_gpiote.o
 .text._NRFX_IRQ_ENABLE
                0x00000000000008d0       0x1c Output/gpio Debug/Obj/nrfx_gpiote.o
 .text.nrf_gpiote_event_is_set
                0x00000000000008ec       0x2a Output/gpio Debug/Obj/nrfx_gpiote.o
 .text.nrf_gpiote_event_clear
                0x0000000000000916       0x36 Output/gpio Debug/Obj/nrfx_gpiote.o
 .text.nrf_gpiote_event_addr_get
                0x000000000000094c       0x1a Output/gpio Debug/Obj/nrfx_gpiote.o
 *fill*         0x0000000000000966        0x2 
 .text.nrf_gpiote_int_enable
                0x0000000000000968       0x18 Output/gpio Debug/Obj/nrfx_gpiote.o
 .text.nrf_gpiote_int_is_enabled
                0x0000000000000980       0x18 Output/gpio Debug/Obj/nrfx_gpiote.o
 .text.nrf_gpiote_event_enable
                0x0000000000000998       0x2c Output/gpio Debug/Obj/nrfx_gpiote.o
 .text.nrf_gpiote_event_configure
                0x00000000000009c4       0x64 Output/gpio Debug/Obj/nrfx_gpiote.o
 .text.nrf_gpiote_event_pin_get
                0x0000000000000a28       0x20 Output/gpio Debug/Obj/nrfx_gpiote.o
 .text.nrf_gpiote_event_polarity_get
                0x0000000000000a48       0x24 Output/gpio Debug/Obj/nrfx_gpiote.o
 .text.nrf_gpiote_task_configure
                0x0000000000000a6c       0x7c Output/gpio Debug/Obj/nrfx_gpiote.o
 .text.nrf52_errata_230
                0x0000000000000ae8       0x3c Output/gpio Debug/Obj/nrfx_gpiote.o
 .text.nrf_gpio_pin_port_decode
                0x0000000000000b24       0x30 Output/gpio Debug/Obj/nrfx_gpiote.o
 .text.nrf_gpio_cfg
                0x0000000000000b54       0x62 Output/gpio Debug/Obj/nrfx_gpiote.o
 .text.nrf_gpio_cfg_output
                0x0000000000000bb6       0x22 Output/gpio Debug/Obj/nrfx_gpiote.o
 .text.nrf_gpio_cfg_input
                0x0000000000000bd8       0x2a Output/gpio Debug/Obj/nrfx_gpiote.o
 .text.nrf_gpio_cfg_watcher
                0x0000000000000c02       0x38 Output/gpio Debug/Obj/nrfx_gpiote.o
 .text.nrf_gpio_cfg_sense_set
                0x0000000000000c3a       0x5c Output/gpio Debug/Obj/nrfx_gpiote.o
 .text.nrf_gpio_pin_set
                0x0000000000000c96       0x28 Output/gpio Debug/Obj/nrfx_gpiote.o
 .text.nrf_gpio_pin_clear
                0x0000000000000cbe       0x28 Output/gpio Debug/Obj/nrfx_gpiote.o
 .text.nrf_gpio_pin_toggle
                0x0000000000000ce6       0x44 Output/gpio Debug/Obj/nrfx_gpiote.o
 .text.nrf_gpio_pin_read
                0x0000000000000d2a       0x2a Output/gpio Debug/Obj/nrfx_gpiote.o
 .text.nrf_gpio_pin_sense_get
                0x0000000000000d54       0x2c Output/gpio Debug/Obj/nrfx_gpiote.o
 .text.nrf_gpio_port_in_read
                0x0000000000000d80       0x10 Output/gpio Debug/Obj/nrfx_gpiote.o
 .text.nrf_gpio_port_out_set
                0x0000000000000d90       0x14 Output/gpio Debug/Obj/nrfx_gpiote.o
 .text.nrf_gpio_port_out_clear
                0x0000000000000da4       0x14 Output/gpio Debug/Obj/nrfx_gpiote.o
 .text.nrf_gpio_latches_read_and_clear
                0x0000000000000db8       0x5c Output/gpio Debug/Obj/nrfx_gpiote.o
 .text.nrf_gpio_pin_latch_clear
                0x0000000000000e14       0x28 Output/gpio Debug/Obj/nrfx_gpiote.o
 .text.nrf_gpio_pin_present_check
                0x0000000000000e3c       0x64 Output/gpio Debug/Obj/nrfx_gpiote.o
 .text.nrf_bitmask_bit_is_set
                0x0000000000000ea0       0x30 Output/gpio Debug/Obj/nrfx_gpiote.o
 .text.nrf_bitmask_bit_set
                0x0000000000000ed0       0x40 Output/gpio Debug/Obj/nrfx_gpiote.o
 .text.pin_in_use
                0x0000000000000f10       0x28 Output/gpio Debug/Obj/nrfx_gpiote.o
 .text.pin_in_use_by_te
                0x0000000000000f38       0x3c Output/gpio Debug/Obj/nrfx_gpiote.o
 .text.pin_in_use_by_port
                0x0000000000000f74       0x24 Output/gpio Debug/Obj/nrfx_gpiote.o
 .text.pin_in_use_by_gpiote
                0x0000000000000f98       0x24 Output/gpio Debug/Obj/nrfx_gpiote.o
 .text.pin_in_use_by_te_set
                0x0000000000000fbc       0x50 Output/gpio Debug/Obj/nrfx_gpiote.o
 .text.pin_in_use_set
                0x000000000000100c       0x1c Output/gpio Debug/Obj/nrfx_gpiote.o
 .text.pin_in_use_clear
                0x0000000000001028       0x1c Output/gpio Debug/Obj/nrfx_gpiote.o
 .text.pin_configured_set
                0x0000000000001044       0x1c Output/gpio Debug/Obj/nrfx_gpiote.o
 .text.channel_port_get
                0x0000000000001060       0x1c Output/gpio Debug/Obj/nrfx_gpiote.o
 .text.channel_handler_get
                0x000000000000107c       0x18 Output/gpio Debug/Obj/nrfx_gpiote.o
 .text.port_handler_pin_get
                0x0000000000001094       0x28 Output/gpio Debug/Obj/nrfx_gpiote.o
 .text.port_handler_polarity_get
                0x00000000000010bc       0x28 Output/gpio Debug/Obj/nrfx_gpiote.o
 .text.channel_port_alloc
                0x00000000000010e4       0x7c Output/gpio Debug/Obj/nrfx_gpiote.o
 .text.channel_free
                0x0000000000001160       0x38 Output/gpio Debug/Obj/nrfx_gpiote.o
 .text.nrfx_gpiote_init
                0x0000000000001198       0xc8 Output/gpio Debug/Obj/nrfx_gpiote.o
                0x0000000000001198                nrfx_gpiote_init
 .text.nrfx_gpiote_out_init
                0x0000000000001260       0xd4 Output/gpio Debug/Obj/nrfx_gpiote.o
                0x0000000000001260                nrfx_gpiote_out_init
 .text.nrfx_gpiote_out_toggle
                0x0000000000001334       0x60 Output/gpio Debug/Obj/nrfx_gpiote.o
                0x0000000000001334                nrfx_gpiote_out_toggle
 .text.nrfx_gpiote_in_init
                0x0000000000001394       0xf8 Output/gpio Debug/Obj/nrfx_gpiote.o
                0x0000000000001394                nrfx_gpiote_in_init
 .text.nrfx_gpiote_in_event_enable
                0x000000000000148c      0x108 Output/gpio Debug/Obj/nrfx_gpiote.o
                0x000000000000148c                nrfx_gpiote_in_event_enable
 .text.latch_pending_read_and_check
                0x0000000000001594       0x3e Output/gpio Debug/Obj/nrfx_gpiote.o
 *fill*         0x00000000000015d2        0x2 
 .text.port_event_handle
                0x00000000000015d4       0xe4 Output/gpio Debug/Obj/nrfx_gpiote.o
 .text.GPIOTE_IRQHandler
                0x00000000000016b8      0x104 Output/gpio Debug/Obj/nrfx_gpiote.o
                0x00000000000016b8                GPIOTE_IRQHandler
 .text.nrfx_coredep_delay_us
                0x00000000000017bc       0x30 Output/gpio Debug/Obj/main.o
 .text.nrf_delay_ms
                0x00000000000017ec       0x2a Output/gpio Debug/Obj/main.o
 *fill*         0x0000000000001816        0x2 
 .text.in_pin_1_handler
                0x0000000000001818       0x24 Output/gpio Debug/Obj/main.o
                0x0000000000001818                in_pin_1_handler
 .text.in_pin_2_handler
                0x000000000000183c       0x24 Output/gpio Debug/Obj/main.o
                0x000000000000183c                in_pin_2_handler
 .text.in_pin_3_handler
                0x0000000000001860       0x24 Output/gpio Debug/Obj/main.o
                0x0000000000001860                in_pin_3_handler
 .text.in_pin_4_handler
                0x0000000000001884       0x24 Output/gpio Debug/Obj/main.o
                0x0000000000001884                in_pin_4_handler
 .text.gpio_init
                0x00000000000018a8      0x1d8 Output/gpio Debug/Obj/main.o
 .text.main     0x0000000000001a80       0x14 Output/gpio Debug/Obj/main.o
                0x0000000000001a80                main
 .text.__NVIC_SystemReset
                0x0000000000001a94       0x28 Output/gpio Debug/Obj/system_nrf52820.o
 .text.nrf52_errata_36
                0x0000000000001abc       0x80 Output/gpio Debug/Obj/system_nrf52820.o
 .text.nrf52_errata_66
                0x0000000000001b3c       0x80 Output/gpio Debug/Obj/system_nrf52820.o
 .text.nrf52_errata_136
                0x0000000000001bbc       0x80 Output/gpio Debug/Obj/system_nrf52820.o
 .text.SystemCoreClockUpdate
                0x0000000000001c3c       0x14 Output/gpio Debug/Obj/system_nrf52820.o
                0x0000000000001c3c                SystemCoreClockUpdate
 .text.SystemInit
                0x0000000000001c50      0x1c8 Output/gpio Debug/Obj/system_nrf52820.o
                0x0000000000001c50                SystemInit
 .text.libc.memset
                0x0000000000001e18       0x66 C:/Program Files/SEGGER/SEGGER Embedded Studio for ARM 4.52c/lib/libc_v7em_t_le_eabi.a(libc2_asm.o)
                0x0000000000001e18                memset
                0x0000000000001e7e                __text_end__ = (__text_start__ + SIZEOF (.text))
                0x0000000000001ac2                __text_size__ = SIZEOF (.text)
                0x0000000000001e7e                __text_load_end__ = __text_end__

.vfp11_veneer   0x0000000100000000        0x0
 .vfp11_veneer  0x0000000100000000        0x0 linker stubs

.v4_bx          0x0000000100000000        0x0
 .v4_bx         0x0000000100000000        0x0 linker stubs

.iplt           0x0000000100000000        0x0
 .iplt          0x0000000100000000        0x0 Output/gpio Debug/Obj/thumb_crt0.o
                0x0000000000000001                . = ASSERT (((__text_start__ == __text_end__) || ((__text_end__ - __FLASH_segment_start__) <= __FLASH_segment_size__)), error: .text is too large to fit in FLASH memory segment)
                0x0000000000001e80                __log_const_data_load_start__ = ALIGN (__text_end__, 0x4)

.log_const_data
                0x0000000000001e80        0x0
                0x0000000000001e80                __log_const_data_start__ = .
                0x0000000000001e80                __start_log_const_data = __log_const_data_start__
 *(SORT_BY_NAME(.log_const_data*))
                0x0000000000001e80                __log_const_data_end__ = (__log_const_data_start__ + SIZEOF (.log_const_data))
                0x0000000000000000                __log_const_data_size__ = SIZEOF (.log_const_data)
                0x0000000000001e80                __stop_log_const_data = __log_const_data_end__
                0x0000000000001e80                __log_const_data_load_end__ = __log_const_data_end__
                0x0000000000000001                . = ASSERT (((__log_const_data_start__ == __log_const_data_end__) || ((__log_const_data_end__ - __FLASH_segment_start__) <= __FLASH_segment_size__)), error: .log_const_data is too large to fit in FLASH memory segment)
                0x0000000000001e80                __log_backends_load_start__ = ALIGN (__log_const_data_end__, 0x4)

.log_backends   0x0000000000001e80        0x0
                0x0000000000001e80                __log_backends_start__ = .
                0x0000000000001e80                __start_log_backends = __log_backends_start__
 *(SORT_BY_NAME(.log_backends*))
                0x0000000000001e80                __log_backends_end__ = (__log_backends_start__ + SIZEOF (.log_backends))
                0x0000000000000000                __log_backends_size__ = SIZEOF (.log_backends)
                0x0000000000001e80                __stop_log_backends = __log_backends_end__
                0x0000000000001e80                __log_backends_load_end__ = __log_backends_end__
                0x0000000000000001                . = ASSERT (((__log_backends_start__ == __log_backends_end__) || ((__log_backends_end__ - __FLASH_segment_start__) <= __FLASH_segment_size__)), error: .log_backends is too large to fit in FLASH memory segment)
                0x0000000000001e80                __nrf_balloc_load_start__ = ALIGN (__log_backends_end__, 0x4)

.nrf_balloc     0x0000000000001e80        0x0
                0x0000000000001e80                __nrf_balloc_start__ = .
                0x0000000000001e80                __start_nrf_balloc = __nrf_balloc_start__
 *(.nrf_balloc*)
                0x0000000000001e80                __nrf_balloc_end__ = (__nrf_balloc_start__ + SIZEOF (.nrf_balloc))
                0x0000000000000000                __nrf_balloc_size__ = SIZEOF (.nrf_balloc)
                0x0000000000001e80                __stop_nrf_balloc = __nrf_balloc_end__
                0x0000000000001e80                __nrf_balloc_load_end__ = __nrf_balloc_end__
                0x0000000000000001                . = ASSERT (((__nrf_balloc_start__ == __nrf_balloc_end__) || ((__nrf_balloc_end__ - __FLASH_segment_start__) <= __FLASH_segment_size__)), error: .nrf_balloc is too large to fit in FLASH memory segment)
                0x0000000000001e80                __nrf_sections_load_start__ = ALIGN (__nrf_balloc_end__, 0x4)

.nrf_sections   0x0000000000001e80        0x0
                0x0000000000001e80                __nrf_sections_start__ = .
                0x0000000000001e80                __start_nrf_sections = __nrf_sections_start__
 *(.nrf_sections .nrf_sections.*)
                0x0000000000001e80                __nrf_sections_end__ = (__nrf_sections_start__ + SIZEOF (.nrf_sections))
                0x0000000000000000                __nrf_sections_size__ = SIZEOF (.nrf_sections)
                0x0000000000001e80                __nrf_sections_load_end__ = __nrf_sections_end__
                0x0000000000000001                . = ASSERT (((__nrf_sections_start__ == __nrf_sections_end__) || ((__nrf_sections_end__ - __FLASH_segment_start__) <= __FLASH_segment_size__)), error: .nrf_sections is too large to fit in FLASH memory segment)
                0x0000000000001e80                __log_dynamic_data_load_start__ = ALIGN (__nrf_sections_end__, 0x4)

.log_dynamic_data
                0x0000000020000000        0x0 load address 0x0000000000001e80
                0x0000000020000000                __log_dynamic_data_start__ = .
 *(SORT_BY_NAME(.log_dynamic_data*))
                0x0000000020000000                __log_dynamic_data_end__ = (__log_dynamic_data_start__ + SIZEOF (.log_dynamic_data))
                0x0000000000000000                __log_dynamic_data_size__ = SIZEOF (.log_dynamic_data)
                0x0000000000001e80                __log_dynamic_data_load_end__ = (__log_dynamic_data_load_start__ + SIZEOF (.log_dynamic_data))
                0x0000000000000001                . = ASSERT (((__log_dynamic_data_load_start__ == __log_dynamic_data_load_end__) || ((__log_dynamic_data_load_end__ - __FLASH_segment_start__) <= __FLASH_segment_size__)), error: .log_dynamic_data is too large to fit in FLASH memory segment)

.log_dynamic_data_run
                0x0000000020000000        0x0
                0x0000000020000000                __log_dynamic_data_run_start__ = .
                0x0000000020000000                __start_log_dynamic_data = __log_dynamic_data_run_start__
                0x0000000020000000                . = MAX ((__log_dynamic_data_run_start__ + SIZEOF (.log_dynamic_data)), .)
                0x0000000020000000                __log_dynamic_data_run_end__ = (__log_dynamic_data_run_start__ + SIZEOF (.log_dynamic_data_run))
                0x0000000000000000                __log_dynamic_data_run_size__ = SIZEOF (.log_dynamic_data_run)
                0x0000000020000000                __stop_log_dynamic_data = __log_dynamic_data_run_end__
                0x0000000020000000                __log_dynamic_data_run_load_end__ = __log_dynamic_data_run_end__
                0x0000000000000001                . = ASSERT (((__log_dynamic_data_run_start__ == __log_dynamic_data_run_end__) || ((__log_dynamic_data_run_end__ - __RAM_segment_start__) <= __RAM_segment_size__)), error: .log_dynamic_data_run is too large to fit in RAM memory segment)
                0x0000000000001e80                __log_filter_data_load_start__ = ALIGN ((__log_dynamic_data_load_start__ + SIZEOF (.log_dynamic_data)), 0x4)

.log_filter_data
                0x0000000020000000        0x0 load address 0x0000000000001e80
                0x0000000020000000                __log_filter_data_start__ = .
 *(SORT_BY_NAME(.log_filter_data*))
                0x0000000020000000                __log_filter_data_end__ = (__log_filter_data_start__ + SIZEOF (.log_filter_data))
                0x0000000000000000                __log_filter_data_size__ = SIZEOF (.log_filter_data)
                0x0000000000001e80                __log_filter_data_load_end__ = (__log_filter_data_load_start__ + SIZEOF (.log_filter_data))
                0x0000000000000001                . = ASSERT (((__log_filter_data_load_start__ == __log_filter_data_load_end__) || ((__log_filter_data_load_end__ - __FLASH_segment_start__) <= __FLASH_segment_size__)), error: .log_filter_data is too large to fit in FLASH memory segment)

.log_filter_data_run
                0x0000000020000000        0x0
                0x0000000020000000                __log_filter_data_run_start__ = .
                0x0000000020000000                __start_log_filter_data = __log_filter_data_run_start__
                0x0000000020000000                . = MAX ((__log_filter_data_run_start__ + SIZEOF (.log_filter_data)), .)
                0x0000000020000000                __log_filter_data_run_end__ = (__log_filter_data_run_start__ + SIZEOF (.log_filter_data_run))
                0x0000000000000000                __log_filter_data_run_size__ = SIZEOF (.log_filter_data_run)
                0x0000000020000000                __stop_log_filter_data = __log_filter_data_run_end__
                0x0000000020000000                __log_filter_data_run_load_end__ = __log_filter_data_run_end__
                0x0000000000000001                . = ASSERT (((__log_filter_data_run_start__ == __log_filter_data_run_end__) || ((__log_filter_data_run_end__ - __RAM_segment_start__) <= __RAM_segment_size__)), error: .log_filter_data_run is too large to fit in RAM memory segment)
                0x0000000020000000                __nrf_sections_run_end_load_start__ = ALIGN (__log_filter_data_run_end__, 0x4)

.nrf_sections_run_end
                0x0000000020000000        0x0
                0x0000000020000000                __nrf_sections_run_end_start__ = .
                0x0000000020000000                __end_nrf_sections_run = __nrf_sections_run_end_start__
 *(.nrf_sections_run_end .nrf_sections_run_end.*)
                0x0000000020000000                __nrf_sections_run_end_end__ = (__nrf_sections_run_end_start__ + SIZEOF (.nrf_sections_run_end))
                0x0000000000000000                __nrf_sections_run_end_size__ = SIZEOF (.nrf_sections_run_end)
                0x0000000020000000                __nrf_sections_run_end_load_end__ = __nrf_sections_run_end_end__
                0x0000000000000001                . = ASSERT (((__nrf_sections_run_end_start__ == __nrf_sections_run_end_end__) || ((__nrf_sections_run_end_end__ - __RAM_segment_start__) <= __RAM_segment_size__)), error: .nrf_sections_run_end is too large to fit in RAM memory segment)
                0x0000000000001e80                __dtors_load_start__ = ALIGN ((__log_filter_data_load_start__ + SIZEOF (.log_filter_data)), 0x4)

.dtors          0x0000000000001e80        0x0
                0x0000000000001e80                __dtors_start__ = .
 *(SORT_BY_NAME(.dtors.*))
 *(.dtors)
 *(.fini_array)
 *(SORT_BY_NAME(.fini_array.*))
                0x0000000000001e80                __dtors_end__ = (__dtors_start__ + SIZEOF (.dtors))
                0x0000000000000000                __dtors_size__ = SIZEOF (.dtors)
                0x0000000000001e80                __dtors_load_end__ = __dtors_end__
                0x0000000000000001                . = ASSERT (((__dtors_start__ == __dtors_end__) || ((__dtors_end__ - __FLASH_segment_start__) <= __FLASH_segment_size__)), error: .dtors is too large to fit in FLASH memory segment)
                0x0000000000001e80                __ctors_load_start__ = ALIGN (__dtors_end__, 0x4)

.ctors          0x0000000000001e80        0x0
                0x0000000000001e80                __ctors_start__ = .
 *(SORT_BY_NAME(.ctors.*))
 *(.ctors)
 *(.init_array)
 *(SORT_BY_NAME(.init_array.*))
                0x0000000000001e80                __ctors_end__ = (__ctors_start__ + SIZEOF (.ctors))
                0x0000000000000000                __ctors_size__ = SIZEOF (.ctors)
                0x0000000000001e80                __ctors_load_end__ = __ctors_end__
                0x0000000000000001                . = ASSERT (((__ctors_start__ == __ctors_end__) || ((__ctors_end__ - __FLASH_segment_start__) <= __FLASH_segment_size__)), error: .ctors is too large to fit in FLASH memory segment)
                0x0000000000001e80                __rodata_load_start__ = ALIGN (__ctors_end__, 0x4)

.rodata         0x0000000000001e80      0x166
                0x0000000000001e80                __rodata_start__ = .
 *(.rodata .rodata.* .gnu.linkonce.r.*)
 .rodata        0x0000000000001e80       0x6e Output/gpio Debug/Obj/boards.o
 *fill*         0x0000000000001eee        0x2 
 .rodata.m_board_led_list
                0x0000000000001ef0        0x4 Output/gpio Debug/Obj/boards.o
 .rodata.m_board_btn_list
                0x0000000000001ef4        0x4 Output/gpio Debug/Obj/boards.o
 .rodata        0x0000000000001ef8       0xb2 Output/gpio Debug/Obj/nrfx_gpiote.o
 *fill*         0x0000000000001faa        0x2 
 .rodata        0x0000000000001fac       0x2f Output/gpio Debug/Obj/main.o
 *fill*         0x0000000000001fdb        0x5 
 .rodata.delay_machine_code.6173
                0x0000000000001fe0        0x6 Output/gpio Debug/Obj/main.o
                0x0000000000001fe6                __rodata_end__ = (__rodata_start__ + SIZEOF (.rodata))
                0x0000000000000166                __rodata_size__ = SIZEOF (.rodata)
                0x0000000000001fe6                __rodata_load_end__ = __rodata_end__

.rel.dyn        0x0000000000001fe8        0x0
 .rel.iplt      0x0000000000001fe8        0x0 Output/gpio Debug/Obj/thumb_crt0.o
                0x0000000000000001                . = ASSERT (((__rodata_start__ == __rodata_end__) || ((__rodata_end__ - __FLASH_segment_start__) <= __FLASH_segment_size__)), error: .rodata is too large to fit in FLASH memory segment)
                0x0000000000001fe8                __ARM.exidx_load_start__ = ALIGN (__rodata_end__, 0x4)

.ARM.exidx      0x0000000000001fe8        0x0
                0x0000000000001fe8                __ARM.exidx_start__ = .
                0x0000000000001fe8                __exidx_start = __ARM.exidx_start__
 *(.ARM.exidx .ARM.exidx.*)
                0x0000000000001fe8                __ARM.exidx_end__ = (__ARM.exidx_start__ + SIZEOF (.ARM.exidx))
                0x0000000000000000                __ARM.exidx_size__ = SIZEOF (.ARM.exidx)
                0x0000000000001fe8                __exidx_end = __ARM.exidx_end__
                0x0000000000001fe8                __ARM.exidx_load_end__ = __ARM.exidx_end__
                0x0000000000000001                . = ASSERT (((__ARM.exidx_start__ == __ARM.exidx_end__) || ((__ARM.exidx_end__ - __FLASH_segment_start__) <= __FLASH_segment_size__)), error: .ARM.exidx is too large to fit in FLASH memory segment)
                0x0000000000001fe8                __fast_load_start__ = ALIGN (__ARM.exidx_end__, 0x4)

.fast           0x0000000020000000        0x0 load address 0x0000000000001fe8
                0x0000000020000000                __fast_start__ = .
 *(.fast .fast.*)
                0x0000000020000000                __fast_end__ = (__fast_start__ + SIZEOF (.fast))
                0x0000000000000000                __fast_size__ = SIZEOF (.fast)
                0x0000000000001fe8                __fast_load_end__ = (__fast_load_start__ + SIZEOF (.fast))
                0x0000000000000001                . = ASSERT (((__fast_load_start__ == __fast_load_end__) || ((__fast_load_end__ - __FLASH_segment_start__) <= __FLASH_segment_size__)), error: .fast is too large to fit in FLASH memory segment)

.fast_run       0x0000000020000000        0x0
                0x0000000020000000                __fast_run_start__ = .
                0x0000000020000000                . = MAX ((__fast_run_start__ + SIZEOF (.fast)), .)
                0x0000000020000000                __fast_run_end__ = (__fast_run_start__ + SIZEOF (.fast_run))
                0x0000000000000000                __fast_run_size__ = SIZEOF (.fast_run)
                0x0000000020000000                __fast_run_load_end__ = __fast_run_end__
                0x0000000000000001                . = ASSERT (((__fast_run_start__ == __fast_run_end__) || ((__fast_run_end__ - __RAM_segment_start__) <= __RAM_segment_size__)), error: .fast_run is too large to fit in RAM memory segment)
                0x0000000000001fe8                __data_load_start__ = ALIGN ((__fast_load_start__ + SIZEOF (.fast)), 0x4)

.data           0x0000000020000000        0xc load address 0x0000000000001fe8
                0x0000000020000000                __data_start__ = .
 *(.data .data.* .gnu.linkonce.d.*)
 .data.LED_PIN_LIST
                0x0000000020000000        0x4 Output/gpio Debug/Obj/main.o
                0x0000000020000000                LED_PIN_LIST
 .data.BUTTON_PIN_LIST
                0x0000000020000004        0x4 Output/gpio Debug/Obj/main.o
                0x0000000020000004                BUTTON_PIN_LIST
 .data.SystemCoreClock
                0x0000000020000008        0x4 Output/gpio Debug/Obj/system_nrf52820.o
                0x0000000020000008                SystemCoreClock
                0x000000002000000c                __data_end__ = (__data_start__ + SIZEOF (.data))
                0x000000000000000c                __data_size__ = SIZEOF (.data)
                0x0000000000001ff4                __data_load_end__ = (__data_load_start__ + SIZEOF (.data))

.igot.plt       0x0000000100000000        0x0
 .igot.plt      0x0000000100000000        0x0 Output/gpio Debug/Obj/thumb_crt0.o
                0x0000000000000001                . = ASSERT (((__data_load_start__ == __data_load_end__) || ((__data_load_end__ - __FLASH_segment_start__) <= __FLASH_segment_size__)), error: .data is too large to fit in FLASH memory segment)

.data_run       0x0000000020000000        0xc load address 0x0000000000001fe8
                0x0000000020000000                __data_run_start__ = .
                0x000000002000000c                . = MAX ((__data_run_start__ + SIZEOF (.data)), .)
 *fill*         0x0000000020000000        0xc 
                0x000000002000000c                __data_run_end__ = (__data_run_start__ + SIZEOF (.data_run))
                0x000000000000000c                __data_run_size__ = SIZEOF (.data_run)
                0x000000002000000c                __data_run_load_end__ = __data_run_end__
                0x0000000000000001                . = ASSERT (((__data_run_start__ == __data_run_end__) || ((__data_run_end__ - __RAM_segment_start__) <= __RAM_segment_size__)), error: .data_run is too large to fit in RAM memory segment)
                0x0000000000001ff4                __tdata_load_start__ = ALIGN ((__data_load_start__ + SIZEOF (.data)), 0x4)

.tdata          0x000000002000000c        0x0 load address 0x0000000000001ff4
                0x000000002000000c                __tdata_start__ = .
 *(.tdata .tdata.*)
                0x000000002000000c                __tdata_end__ = (__tdata_start__ + SIZEOF (.tdata))
                0x0000000000000000                __tdata_size__ = SIZEOF (.tdata)
                0x0000000000001ff4                __tdata_load_end__ = (__tdata_load_start__ + SIZEOF (.tdata))
                0x0000000000001ff4                __FLASH_segment_used_end__ = (ALIGN ((__data_load_start__ + SIZEOF (.data)), 0x4) + SIZEOF (.tdata))
                0x0000000000001ff4                __FLASH_segment_used_size__ = (__FLASH_segment_used_end__ - __FLASH_segment_start__)
                0x0000000000000001                . = ASSERT (((__tdata_load_start__ == __tdata_load_end__) || ((__tdata_load_end__ - __FLASH_segment_start__) <= __FLASH_segment_size__)), error: .tdata is too large to fit in FLASH memory segment)

.tdata_run      0x000000002000000c        0x0
                0x000000002000000c                __tdata_run_start__ = .
                0x000000002000000c                . = MAX ((__tdata_run_start__ + SIZEOF (.tdata)), .)
                0x000000002000000c                __tdata_run_end__ = (__tdata_run_start__ + SIZEOF (.tdata_run))
                0x0000000000000000                __tdata_run_size__ = SIZEOF (.tdata_run)
                0x000000002000000c                __tdata_run_load_end__ = __tdata_run_end__
                0x0000000000000001                . = ASSERT (((__tdata_run_start__ == __tdata_run_end__) || ((__tdata_run_end__ - __RAM_segment_start__) <= __RAM_segment_size__)), error: .tdata_run is too large to fit in RAM memory segment)
                0x000000002000000c                __bss_load_start__ = ALIGN (__tdata_run_end__, 0x4)

.bss            0x000000002000000c       0x6c
                0x000000002000000c                __bss_start__ = .
 *(.bss .bss.* .gnu.linkonce.b.*)
 .bss.m_error_data.6026
                0x000000002000000c       0x20 Output/gpio Debug/Obj/app_error.o
 .bss.m_cb      0x000000002000002c       0x4c Output/gpio Debug/Obj/nrfx_gpiote.o
 *(COMMON)
                0x0000000020000078                __bss_end__ = (__bss_start__ + SIZEOF (.bss))
                0x000000000000006c                __bss_size__ = SIZEOF (.bss)
                0x0000000020000078                __bss_load_end__ = __bss_end__
                0x0000000000000001                . = ASSERT (((__bss_start__ == __bss_end__) || ((__bss_end__ - __RAM_segment_start__) <= __RAM_segment_size__)), error: .bss is too large to fit in RAM memory segment)
                0x0000000020000078                __tbss_load_start__ = ALIGN (__bss_end__, 0x4)

.tbss           0x0000000020000078        0x0
                0x0000000020000078                __tbss_start__ = .
 *(.tbss .tbss.*)
                0x0000000020000078                __tbss_end__ = (__tbss_start__ + SIZEOF (.tbss))
                0x0000000000000000                __tbss_size__ = SIZEOF (.tbss)
                0x0000000020000078                __tbss_load_end__ = __tbss_end__
                0x0000000000000001                . = ASSERT (((__tbss_start__ == __tbss_end__) || ((__tbss_end__ - __RAM_segment_start__) <= __RAM_segment_size__)), error: .tbss is too large to fit in RAM memory segment)
                0x0000000020000078                __non_init_load_start__ = ALIGN (__tbss_end__, 0x4)

.non_init       0x0000000020000078        0x0
                0x0000000020000078                __non_init_start__ = .
 *(.non_init .non_init.*)
                0x0000000020000078                __non_init_end__ = (__non_init_start__ + SIZEOF (.non_init))
                0x0000000000000000                __non_init_size__ = SIZEOF (.non_init)
                0x0000000020000078                __non_init_load_end__ = __non_init_end__
                0x0000000000000001                . = ASSERT (((__non_init_start__ == __non_init_end__) || ((__non_init_end__ - __RAM_segment_start__) <= __RAM_segment_size__)), error: .non_init is too large to fit in RAM memory segment)
                0x0000000020000078                __heap_load_start__ = ALIGN (__non_init_end__, 0x4)

.heap           0x0000000020000078     0x1000
                0x0000000020000078                __heap_start__ = .
 *(.heap .heap.*)
                0x0000000020001078                . = ALIGN (MAX ((__heap_start__ + __HEAPSIZE__), .), 0x4)
 *fill*         0x0000000020000078     0x1000 
                0x0000000020001078                __heap_end__ = (__heap_start__ + SIZEOF (.heap))
                0x0000000000001000                __heap_size__ = SIZEOF (.heap)
                0x0000000020001078                __heap_load_end__ = __heap_end__
                0x0000000000000001                . = ASSERT (((__heap_start__ == __heap_end__) || ((__heap_end__ - __RAM_segment_start__) <= __RAM_segment_size__)), error: .heap is too large to fit in RAM memory segment)
                0x0000000020007000                __stack_load_start__ = (__RAM_segment_start__ + (__RAM_segment_size__ - 0x1000))

.stack          0x0000000020007000     0x1000
                0x0000000020007000                __stack_start__ = .
                0x0000000020007000                __StackLimit = __stack_start__
 *(.stack .stack.*)
                0x0000000020008000                . = ALIGN (MAX ((__stack_start__ + __STACKSIZE__), .), 0x8)
 *fill*         0x0000000020007000     0x1000 
                0x0000000020008000                __stack_end__ = (__stack_start__ + SIZEOF (.stack))
                0x0000000000001000                __stack_size__ = SIZEOF (.stack)
                0x0000000020008000                __StackTop = __stack_end__
                0x0000000020008000                __stack_load_end__ = __stack_end__
                0x0000000000000001                . = ASSERT (((__stack_start__ == __stack_end__) || ((__stack_end__ - __RAM_segment_start__) <= __RAM_segment_size__)), error: .stack is too large to fit in RAM memory segment)
                0x0000000000000001                . = ASSERT ((__heap_end__ <= __stack_start__), error: section .heap overlaps absolute placed section .stack)
                0x0000000020008000                __stack_process_load_start__ = ALIGN (__stack_end__, 0x8)

.stack_process  0x0000000020008000        0x0
                0x0000000020008000                __stack_process_start__ = .
 *(.stack_process .stack_process.*)
                0x0000000020008000                . = ALIGN (MAX ((__stack_process_start__ + __STACKSIZE_PROCESS__), .), 0x8)
                0x0000000020008000                __stack_process_end__ = (__stack_process_start__ + SIZEOF (.stack_process))
                0x0000000000000000                __stack_process_size__ = SIZEOF (.stack_process)
                0x0000000020008000                __stack_process_load_end__ = __stack_process_end__
                0x0000000020008000                __RAM_segment_used_end__ = (ALIGN (__stack_end__, 0x8) + SIZEOF (.stack_process))
                0x0000000000008000                __RAM_segment_used_size__ = (__RAM_segment_used_end__ - __RAM_segment_start__)
                0x0000000000000001                . = ASSERT (((__stack_process_start__ == __stack_process_end__) || ((__stack_process_end__ - __RAM_segment_start__) <= __RAM_segment_size__)), error: .stack_process is too large to fit in RAM memory segment)
START GROUP
LOAD Output/gpio Debug/Obj/thumb_crt0.o
LOAD Output/gpio Debug/Obj/nrf_log_frontend.o
LOAD Output/gpio Debug/Obj/nrf_log_str_formatter.o
LOAD Output/gpio Debug/Obj/boards.o
LOAD Output/gpio Debug/Obj/app_error.o
LOAD Output/gpio Debug/Obj/app_error_handler_gcc.o
LOAD Output/gpio Debug/Obj/app_error_weak.o
LOAD Output/gpio Debug/Obj/app_util_platform.o
LOAD Output/gpio Debug/Obj/nrf_assert.o
LOAD Output/gpio Debug/Obj/nrf_atomic.o
LOAD Output/gpio Debug/Obj/nrf_balloc.o
LOAD Output/gpio Debug/Obj/nrf_fprintf.o
LOAD Output/gpio Debug/Obj/nrf_fprintf_format.o
LOAD Output/gpio Debug/Obj/nrf_memobj.o
LOAD Output/gpio Debug/Obj/nrf_ringbuf.o
LOAD Output/gpio Debug/Obj/nrf_strerror.o
LOAD Output/gpio Debug/Obj/nrfx_atomic.o
LOAD Output/gpio Debug/Obj/nrfx_gpiote.o
LOAD Output/gpio Debug/Obj/main.o
LOAD Output/gpio Debug/Obj/ses_startup_nrf52820.o
LOAD Output/gpio Debug/Obj/ses_startup_nrf_common.o
LOAD Output/gpio Debug/Obj/system_nrf52820.o
LOAD C:/Program Files/SEGGER/SEGGER Embedded Studio for ARM 4.52c/lib/libdebugio_mempoll_v7em_t_le_eabi.a
LOAD C:/Program Files/SEGGER/SEGGER Embedded Studio for ARM 4.52c/lib/libm_v7em_t_le_eabi.a
LOAD C:/Program Files/SEGGER/SEGGER Embedded Studio for ARM 4.52c/lib/libc_v7em_t_le_eabi.a
LOAD C:/Program Files/SEGGER/SEGGER Embedded Studio for ARM 4.52c/lib/libcpp_v7em_t_le_eabi.a
LOAD C:/Program Files/SEGGER/SEGGER Embedded Studio for ARM 4.52c/lib/libdebugio_v7em_t_le_eabi.a
LOAD C:/Program Files/SEGGER/SEGGER Embedded Studio for ARM 4.52c/lib/libvfprintf_v7em_t_le_eabi.o
LOAD C:/Program Files/SEGGER/SEGGER Embedded Studio for ARM 4.52c/lib/libvfscanf_v7em_t_le_eabi.o
END GROUP
OUTPUT(Output/Debug/Exe/gpio.elf elf32-littlearm)

.ARM.attributes
                0x0000000000000000       0x2f
 .ARM.attributes
                0x0000000000000000       0x21 Output/gpio Debug/Obj/thumb_crt0.o
 .ARM.attributes
                0x0000000000000021       0x33 Output/gpio Debug/Obj/boards.o
 .ARM.attributes
                0x0000000000000054       0x33 Output/gpio Debug/Obj/app_error.o
 .ARM.attributes
                0x0000000000000087       0x33 Output/gpio Debug/Obj/app_error_handler_gcc.o
 .ARM.attributes
                0x00000000000000ba       0x33 Output/gpio Debug/Obj/app_error_weak.o
 .ARM.attributes
                0x00000000000000ed       0x33 Output/gpio Debug/Obj/nrf_assert.o
 .ARM.attributes
                0x0000000000000120       0x33 Output/gpio Debug/Obj/nrfx_gpiote.o
 .ARM.attributes
                0x0000000000000153       0x33 Output/gpio Debug/Obj/main.o
 .ARM.attributes
                0x0000000000000186       0x21 Output/gpio Debug/Obj/ses_startup_nrf52820.o
 .ARM.attributes
                0x00000000000001a7       0x21 Output/gpio Debug/Obj/ses_startup_nrf_common.o
 .ARM.attributes
                0x00000000000001c8       0x33 Output/gpio Debug/Obj/system_nrf52820.o
 .ARM.attributes
                0x00000000000001fb       0x1c C:/Program Files/SEGGER/SEGGER Embedded Studio for ARM 4.52c/lib/libc_v7em_t_le_eabi.a(libc2_asm.o)

.comment        0x0000000000000000       0x47
 .comment       0x0000000000000000       0x47 Output/gpio Debug/Obj/boards.o
                                         0x48 (size before relaxing)
 .comment       0x0000000000000047       0x48 Output/gpio Debug/Obj/app_error.o
 .comment       0x0000000000000047       0x48 Output/gpio Debug/Obj/app_error_handler_gcc.o
 .comment       0x0000000000000047       0x48 Output/gpio Debug/Obj/app_error_weak.o
 .comment       0x0000000000000047       0x48 Output/gpio Debug/Obj/nrf_assert.o
 .comment       0x0000000000000047       0x48 Output/gpio Debug/Obj/nrfx_gpiote.o
 .comment       0x0000000000000047       0x48 Output/gpio Debug/Obj/main.o
 .comment       0x0000000000000047       0x48 Output/gpio Debug/Obj/system_nrf52820.o

.debug_line     0x0000000000000000     0xe7c3
 .debug_line    0x0000000000000000      0x1fe Output/gpio Debug/Obj/thumb_crt0.o
 .debug_line    0x00000000000001fe     0x3391 Output/gpio Debug/Obj/boards.o
 .debug_line    0x000000000000358f      0x37e Output/gpio Debug/Obj/app_error.o
 .debug_line    0x000000000000390d      0x36e Output/gpio Debug/Obj/app_error_handler_gcc.o
 .debug_line    0x0000000000003c7b      0x550 Output/gpio Debug/Obj/app_error_weak.o
 .debug_line    0x00000000000041cb      0x2fb Output/gpio Debug/Obj/nrf_assert.o
 .debug_line    0x00000000000044c6     0x4243 Output/gpio Debug/Obj/nrfx_gpiote.o
 .debug_line    0x0000000000008709     0x31d3 Output/gpio Debug/Obj/main.o
 .debug_line    0x000000000000b8dc       0x80 Output/gpio Debug/Obj/ses_startup_nrf52820.o
 .debug_line    0x000000000000b95c       0x96 Output/gpio Debug/Obj/ses_startup_nrf_common.o
 .debug_line    0x000000000000b9f2     0x2dd1 Output/gpio Debug/Obj/system_nrf52820.o

.debug_info     0x0000000000000000     0xfa94
 .debug_info    0x0000000000000000       0x22 Output/gpio Debug/Obj/thumb_crt0.o
 .debug_info    0x0000000000000022     0x30ea Output/gpio Debug/Obj/boards.o
 .debug_info    0x000000000000310c      0x82a Output/gpio Debug/Obj/app_error.o
 .debug_info    0x0000000000003936      0x6d8 Output/gpio Debug/Obj/app_error_handler_gcc.o
 .debug_info    0x000000000000400e      0xa9f Output/gpio Debug/Obj/app_error_weak.o
 .debug_info    0x0000000000004aad      0x6d5 Output/gpio Debug/Obj/nrf_assert.o
 .debug_info    0x0000000000005182     0x4a02 Output/gpio Debug/Obj/nrfx_gpiote.o
 .debug_info    0x0000000000009b84     0x2ce3 Output/gpio Debug/Obj/main.o
 .debug_info    0x000000000000c867       0x26 Output/gpio Debug/Obj/ses_startup_nrf52820.o
 .debug_info    0x000000000000c88d       0x26 Output/gpio Debug/Obj/ses_startup_nrf_common.o
 .debug_info    0x000000000000c8b3     0x31e1 Output/gpio Debug/Obj/system_nrf52820.o

.debug_abbrev   0x0000000000000000     0x11f3
 .debug_abbrev  0x0000000000000000       0x12 Output/gpio Debug/Obj/thumb_crt0.o
 .debug_abbrev  0x0000000000000012      0x2ef Output/gpio Debug/Obj/boards.o
 .debug_abbrev  0x0000000000000301      0x1ae Output/gpio Debug/Obj/app_error.o
 .debug_abbrev  0x00000000000004af      0x13b Output/gpio Debug/Obj/app_error_handler_gcc.o
 .debug_abbrev  0x00000000000005ea      0x1e5 Output/gpio Debug/Obj/app_error_weak.o
 .debug_abbrev  0x00000000000007cf      0x14c Output/gpio Debug/Obj/nrf_assert.o
 .debug_abbrev  0x000000000000091b      0x403 Output/gpio Debug/Obj/nrfx_gpiote.o
 .debug_abbrev  0x0000000000000d1e      0x27c Output/gpio Debug/Obj/main.o
 .debug_abbrev  0x0000000000000f9a       0x14 Output/gpio Debug/Obj/ses_startup_nrf52820.o
 .debug_abbrev  0x0000000000000fae       0x14 Output/gpio Debug/Obj/ses_startup_nrf_common.o
 .debug_abbrev  0x0000000000000fc2      0x231 Output/gpio Debug/Obj/system_nrf52820.o

.debug_aranges  0x0000000000000000     0x3008
 .debug_aranges
                0x0000000000000000       0x88 Output/gpio Debug/Obj/thumb_crt0.o
 .debug_aranges
                0x0000000000000088      0xb90 Output/gpio Debug/Obj/boards.o
 .debug_aranges
                0x0000000000000c18       0x28 Output/gpio Debug/Obj/app_error.o
 .debug_aranges
                0x0000000000000c40       0x20 Output/gpio Debug/Obj/app_error_handler_gcc.o
 .debug_aranges
                0x0000000000000c60       0x20 Output/gpio Debug/Obj/app_error_weak.o
 .debug_aranges
                0x0000000000000c80       0x20 Output/gpio Debug/Obj/nrf_assert.o
 .debug_aranges
                0x0000000000000ca0      0xd80 Output/gpio Debug/Obj/nrfx_gpiote.o
 .debug_aranges
                0x0000000000001a20      0xae8 Output/gpio Debug/Obj/main.o
 .debug_aranges
                0x0000000000002508       0x20 Output/gpio Debug/Obj/ses_startup_nrf52820.o
 .debug_aranges
                0x0000000000002528       0x20 Output/gpio Debug/Obj/ses_startup_nrf_common.o
 .debug_aranges
                0x0000000000002548      0xac0 Output/gpio Debug/Obj/system_nrf52820.o

.debug_str      0x0000000000000000    0x6d9bb
 .debug_str     0x0000000000000000       0x75 Output/gpio Debug/Obj/thumb_crt0.o
 .debug_str     0x0000000000000075    0x67a2c Output/gpio Debug/Obj/boards.o
                                      0x67eef (size before relaxing)
 .debug_str     0x0000000000067aa1      0x110 Output/gpio Debug/Obj/app_error.o
                                      0x59536 (size before relaxing)
 .debug_str     0x0000000000067bb1      0x573 Output/gpio Debug/Obj/app_error_handler_gcc.o
                                      0x63233 (size before relaxing)
 .debug_str     0x0000000000068124     0x2d65 Output/gpio Debug/Obj/app_error_weak.o
                                      0x662ad (size before relaxing)
 .debug_str     0x000000000006ae89       0x56 Output/gpio Debug/Obj/nrf_assert.o
                                      0x5954a (size before relaxing)
 .debug_str     0x000000000006aedf     0x1c9d Output/gpio Debug/Obj/nrfx_gpiote.o
                                      0x6b803 (size before relaxing)
 .debug_str     0x000000000006cb7c      0x937 Output/gpio Debug/Obj/main.o
                                      0x68c80 (size before relaxing)
 .debug_str     0x000000000006d4b3       0x43 Output/gpio Debug/Obj/ses_startup_nrf52820.o
                                         0x67 (size before relaxing)
 .debug_str     0x000000000006d4f6       0x45 Output/gpio Debug/Obj/ses_startup_nrf_common.o
                                         0x69 (size before relaxing)
 .debug_str     0x000000000006d53b      0x480 Output/gpio Debug/Obj/system_nrf52820.o
                                      0x593de (size before relaxing)

.debug_ranges   0x0000000000000000     0x2f40
 .debug_ranges  0x0000000000000000       0x80 Output/gpio Debug/Obj/thumb_crt0.o
 .debug_ranges  0x0000000000000080      0xb80 Output/gpio Debug/Obj/boards.o
 .debug_ranges  0x0000000000000c00       0x18 Output/gpio Debug/Obj/app_error.o
 .debug_ranges  0x0000000000000c18       0x10 Output/gpio Debug/Obj/app_error_handler_gcc.o
 .debug_ranges  0x0000000000000c28       0x10 Output/gpio Debug/Obj/app_error_weak.o
 .debug_ranges  0x0000000000000c38       0x10 Output/gpio Debug/Obj/nrf_assert.o
 .debug_ranges  0x0000000000000c48      0xd70 Output/gpio Debug/Obj/nrfx_gpiote.o
 .debug_ranges  0x00000000000019b8      0xad8 Output/gpio Debug/Obj/main.o
 .debug_ranges  0x0000000000002490      0xab0 Output/gpio Debug/Obj/system_nrf52820.o

.debug_frame    0x0000000000000000     0x6e98
 .debug_frame   0x0000000000000000     0x1b18 Output/gpio Debug/Obj/boards.o
 .debug_frame   0x0000000000001b18       0x58 Output/gpio Debug/Obj/app_error.o
 .debug_frame   0x0000000000001b70       0x20 Output/gpio Debug/Obj/app_error_handler_gcc.o
 .debug_frame   0x0000000000001b90       0x38 Output/gpio Debug/Obj/app_error_weak.o
 .debug_frame   0x0000000000001bc8       0x38 Output/gpio Debug/Obj/nrf_assert.o
 .debug_frame   0x0000000000001c00     0x23a8 Output/gpio Debug/Obj/nrfx_gpiote.o
 .debug_frame   0x0000000000003fa8     0x17f4 Output/gpio Debug/Obj/main.o
 .debug_frame   0x000000000000579c     0x16fc Output/gpio Debug/Obj/system_nrf52820.o

.debug_pubnames
                0x0000000000000000     0x84bb
 .debug_pubnames
                0x0000000000000000     0x1f84 Output/gpio Debug/Obj/boards.o
 .debug_pubnames
                0x0000000000001f84       0x6c Output/gpio Debug/Obj/app_error.o
 .debug_pubnames
                0x0000000000001ff0       0x28 Output/gpio Debug/Obj/app_error_handler_gcc.o
 .debug_pubnames
                0x0000000000002018       0xe5 Output/gpio Debug/Obj/app_error_weak.o
 .debug_pubnames
                0x00000000000020fd       0x2a Output/gpio Debug/Obj/nrf_assert.o
 .debug_pubnames
                0x0000000000002127     0x2c1d Output/gpio Debug/Obj/nrfx_gpiote.o
 .debug_pubnames
                0x0000000000004d44     0x1c5f Output/gpio Debug/Obj/main.o
 .debug_pubnames
                0x00000000000069a3     0x1b18 Output/gpio Debug/Obj/system_nrf52820.o

.debug_pubtypes
                0x0000000000000000     0x1292
 .debug_pubtypes
                0x0000000000000000      0x23c Output/gpio Debug/Obj/boards.o
 .debug_pubtypes
                0x000000000000023c      0x1d5 Output/gpio Debug/Obj/app_error.o
 .debug_pubtypes
                0x0000000000000411      0x1a8 Output/gpio Debug/Obj/app_error_handler_gcc.o
 .debug_pubtypes
                0x00000000000005b9      0x2d3 Output/gpio Debug/Obj/app_error_weak.o
 .debug_pubtypes
                0x000000000000088c      0x1b8 Output/gpio Debug/Obj/nrf_assert.o
 .debug_pubtypes
                0x0000000000000a44      0x41b Output/gpio Debug/Obj/nrfx_gpiote.o
 .debug_pubtypes
                0x0000000000000e5f      0x2b1 Output/gpio Debug/Obj/main.o
 .debug_pubtypes
                0x0000000000001110      0x182 Output/gpio Debug/Obj/system_nrf52820.o

.debug_macro    0x0000000000000000     0x229d
 .debug_macro   0x0000000000000000      0x26b Output/gpio Debug/Obj/boards.o
 .debug_macro   0x000000000000026b       0x1c Output/gpio Debug/Obj/boards.o
 .debug_macro   0x0000000000000287      0x101 Output/gpio Debug/Obj/boards.o
 .debug_macro   0x0000000000000388       0x1f Output/gpio Debug/Obj/boards.o
 .debug_macro   0x00000000000003a7      0x2dd Output/gpio Debug/Obj/boards.o
 .debug_macro   0x0000000000000684       0x59 Output/gpio Debug/Obj/boards.o
 .debug_macro   0x00000000000006dd       0x81 Output/gpio Debug/Obj/boards.o
 .debug_macro   0x000000000000075e       0xdc Output/gpio Debug/Obj/boards.o
 .debug_macro   0x000000000000083a       0x3f Output/gpio Debug/Obj/boards.o
 .debug_macro   0x0000000000000879       0x72 Output/gpio Debug/Obj/boards.o
 .debug_macro   0x00000000000008eb       0x49 Output/gpio Debug/Obj/boards.o
 .debug_macro   0x0000000000000934       0x8c Output/gpio Debug/Obj/boards.o
 .debug_macro   0x00000000000009c0       0x19 Output/gpio Debug/Obj/boards.o
 .debug_macro   0x00000000000009d9       0x16 Output/gpio Debug/Obj/boards.o
 .debug_macro   0x00000000000009ef       0x35 Output/gpio Debug/Obj/boards.o
 .debug_macro   0x0000000000000a24       0x7b Output/gpio Debug/Obj/boards.o
 .debug_macro   0x0000000000000a9f       0x64 Output/gpio Debug/Obj/boards.o
 .debug_macro   0x0000000000000b03       0x20 Output/gpio Debug/Obj/boards.o
 .debug_macro   0x0000000000000b23       0x10 Output/gpio Debug/Obj/boards.o
 .debug_macro   0x0000000000000b33       0x10 Output/gpio Debug/Obj/boards.o
 .debug_macro   0x0000000000000b43      0x1df Output/gpio Debug/Obj/boards.o
 .debug_macro   0x0000000000000d22      0x16d Output/gpio Debug/Obj/boards.o
 .debug_macro   0x0000000000000e8f      0x10e Output/gpio Debug/Obj/app_error.o
 .debug_macro   0x0000000000000f9d       0x78 Output/gpio Debug/Obj/app_error.o
 .debug_macro   0x0000000000001015      0x167 Output/gpio Debug/Obj/app_error_handler_gcc.o
 .debug_macro   0x000000000000117c      0x1fb Output/gpio Debug/Obj/app_error_weak.o
 .debug_macro   0x0000000000001377       0x31 Output/gpio Debug/Obj/app_error_weak.o
 .debug_macro   0x00000000000013a8       0x16 Output/gpio Debug/Obj/app_error_weak.o
 .debug_macro   0x00000000000013be       0x55 Output/gpio Debug/Obj/app_error_weak.o
 .debug_macro   0x0000000000001413      0x17f Output/gpio Debug/Obj/app_error_weak.o
 .debug_macro   0x0000000000001592       0x9a Output/gpio Debug/Obj/app_error_weak.o
 .debug_macro   0x000000000000162c       0x28 Output/gpio Debug/Obj/app_error_weak.o
 .debug_macro   0x0000000000001654       0x23 Output/gpio Debug/Obj/app_error_weak.o
 .debug_macro   0x0000000000001677       0x1c Output/gpio Debug/Obj/app_error_weak.o
 .debug_macro   0x0000000000001693       0x92 Output/gpio Debug/Obj/app_error_weak.o
 .debug_macro   0x0000000000001725      0x11d Output/gpio Debug/Obj/nrf_assert.o
 .debug_macro   0x0000000000001842       0x10 Output/gpio Debug/Obj/nrf_assert.o
 .debug_macro   0x0000000000001852      0x33b Output/gpio Debug/Obj/nrfx_gpiote.o
 .debug_macro   0x0000000000001b8d       0x17 Output/gpio Debug/Obj/nrfx_gpiote.o
 .debug_macro   0x0000000000001ba4       0x16 Output/gpio Debug/Obj/nrfx_gpiote.o
 .debug_macro   0x0000000000001bba       0x45 Output/gpio Debug/Obj/nrfx_gpiote.o
 .debug_macro   0x0000000000001bff       0x16 Output/gpio Debug/Obj/nrfx_gpiote.o
 .debug_macro   0x0000000000001c15       0x1c Output/gpio Debug/Obj/nrfx_gpiote.o
 .debug_macro   0x0000000000001c31       0x37 Output/gpio Debug/Obj/nrfx_gpiote.o
 .debug_macro   0x0000000000001c68       0x10 Output/gpio Debug/Obj/nrfx_gpiote.o
 .debug_macro   0x0000000000001c78      0x179 Output/gpio Debug/Obj/nrfx_gpiote.o
 .debug_macro   0x0000000000001df1       0x42 Output/gpio Debug/Obj/nrfx_gpiote.o
 .debug_macro   0x0000000000001e33      0x2aa Output/gpio Debug/Obj/main.o
 .debug_macro   0x00000000000020dd       0xcc Output/gpio Debug/Obj/main.o
 .debug_macro   0x00000000000021a9       0xf4 Output/gpio Debug/Obj/system_nrf52820.o
